main.c:85:5:main	16	static
main.c:151:6:SystemClock_Config	72	static
main.c:187:13:MX_I2C1_Init	8	static
main.c:221:13:MX_SPI1_Init	8	static
main.c:259:13:MX_GPIO_Init	40	static
main.c:302:10:map	16	static
main.c:307:6:LCD_Initialize	8	static
main.c:323:6:LCD_Command	16	static
main.c:334:6:LCD_Data	16	static
main.c:344:6:LCD_Clear	16	static
main.c:354:6:LCD_Fill	16	static
main.c:366:6:LCD_draw_pixel	24	static
main.c:397:6:LCD_Refresh	16	static
main.c:417:6:Error_Handler	4	static,ignoring_inline_asm
